============================================================
SENTIMENT DATA FETCHER
============================================================
Index Type: DOMESTIC
Start Date: 2025-11-01
Page Limit: 1000
Max Pages: unlimited
Timestamp: 2026-01-18 16:54:30

============================================================
FETCHING SENTIMENT DATA
============================================================
Index type: DOMESTIC
Start date: 2025-11-01
Limit per page: 1000
Max pages: unlimited
API: Permutable AI Macro Regional
------------------------------------------------------------
Page 1... Got 1000 records (total: 1000, more: True)
Page 2 (token: eyJhcGlfdmVyc2lvbiI6ICIxLjAiLC...)... Got 1000 records (total: 2000, more: True)
Page 3 (token: eyJhcGlfdmVyc2lvbiI6ICIxLjAiLC...)... Got 1000 records (total: 3000, more: True)
Page 4 (token: eyJhcGlfdmVyc2lvbiI6ICIxLjAiLC...)... Got 1000 records (total: 4000, more: True)
Page 5 (token: eyJhcGlfdmVyc2lvbiI6ICIxLjAiLC...)... Got 1000 records (total: 5000, more: True)
Page 6 (token: eyJhcGlfdmVyc2lvbiI6ICIxLjAiLC...)... Got 1000 records (total: 6000, more: True)
Page 7 (token: eyJhcGlfdmVyc2lvbiI6ICIxLjAiLC...)... Got 1000 records (total: 7000, more: True)
Page 8 (token: eyJhcGlfdmVyc2lvbiI6ICIxLjAiLC...)... Got 1000 records (total: 8000, more: True)
Page 9 (token: eyJhcGlfdmVyc2lvbiI6ICIxLjAiLC...)... Got 1000 records (total: 9000, more: True)
Page 10 (token: eyJhcGlfdmVyc2lvbiI6ICIxLjAiLC...)... Got 1000 records (total: 10000, more: True)
Page 11 (token: eyJhcGlfdmVyc2lvbiI6ICIxLjAiLC...)... Got 1000 records (total: 11000, more: True)
Page 12 (token: eyJhcGlfdmVyc2lvbiI6ICIxLjAiLC...)... Got 1000 records (total: 12000, more: True)
Page 13 (token: eyJhcGlfdmVyc2lvbiI6ICIxLjAiLC...)... Got 1000 records (total: 13000, more: True)
Page 14 (token: eyJhcGlfdmVyc2lvbiI6ICIxLjAiLC...)... Got 1000 records (total: 14000, more: True)
Page 15 (token: eyJhcGlfdmVyc2lvbiI6ICIxLjAiLC...)... Got 1000 records (total: 15000, more: True)
Page 16 (token: eyJhcGlfdmVyc2lvbiI6ICIxLjAiLC...)... Got 1000 records (total: 16000, more: True)
Page 17 (token: eyJhcGlfdmVyc2lvbiI6ICIxLjAiLC...)... Got 1000 records (total: 17000, more: True)
Page 18 (token: eyJhcGlfdmVyc2lvbiI6ICIxLjAiLC...)... Got 1000 records (total: 18000, more: True)
Page 19 (token: eyJhcGlfdmVyc2lvbiI6ICIxLjAiLC...)... Got 1000 records (total: 19000, more: True)
Page 20 (token: eyJhcGlfdmVyc2lvbiI6ICIxLjAiLC...)... Got 1000 records (total: 20000, more: True)
Page 21 (token: eyJhcGlfdmVyc2lvbiI6ICIxLjAiLC...)... Got 1000 records (total: 21000, more: True)
Page 22 (token: eyJhcGlfdmVyc2lvbiI6ICIxLjAiLC...)... Got 1000 records (total: 22000, more: True)
Page 23 (token: eyJhcGlfdmVyc2lvbiI6ICIxLjAiLC...)... Got 1000 records (total: 23000, more: True)
Page 24 (token: eyJhcGlfdmVyc2lvbiI6ICIxLjAiLC...)... Got 1000 records (total: 24000, more: True)
Page 25 (token: eyJhcGlfdmVyc2lvbiI6ICIxLjAiLC...)... Got 1000 records (total: 25000, more: True)
Page 26 (token: eyJhcGlfdmVyc2lvbiI6ICIxLjAiLC...)... Got 1000 records (total: 26000, more: True)
Page 27 (token: eyJhcGlfdmVyc2lvbiI6ICIxLjAiLC...)... Got 1000 records (total: 27000, more: True)
Page 28 (token: eyJhcGlfdmVyc2lvbiI6ICIxLjAiLC...)... Got 1000 records (total: 28000, more: True)
Page 29 (token: eyJhcGlfdmVyc2lvbiI6ICIxLjAiLC...)... Got 1000 records (total: 29000, more: True)
Page 30 (token: eyJhcGlfdmVyc2lvbiI6ICIxLjAiLC...)... Got 1000 records (total: 30000, more: True)
Page 31 (token: eyJhcGlfdmVyc2lvbiI6ICIxLjAiLC...)... Got 1000 records (total: 31000, more: True)
Page 32 (token: eyJhcGlfdmVyc2lvbiI6ICIxLjAiLC...)... Got 1000 records (total: 32000, more: True)
Page 33 (token: eyJhcGlfdmVyc2lvbiI6ICIxLjAiLC...)... Got 1000 records (total: 33000, more: True)
Page 34 (token: eyJhcGlfdmVyc2lvbiI6ICIxLjAiLC...)... Got 1000 records (total: 34000, more: True)
Page 35 (token: eyJhcGlfdmVyc2lvbiI6ICIxLjAiLC...)... Got 1000 records (total: 35000, more: True)
Page 36 (token: eyJhcGlfdmVyc2lvbiI6ICIxLjAiLC...)... Got 1000 records (total: 36000, more: True)
Page 37 (token: eyJhcGlfdmVyc2lvbiI6ICIxLjAiLC...)... Got 1000 records (total: 37000, more: True)
Page 38 (token: eyJhcGlfdmVyc2lvbiI6ICIxLjAiLC...)... Got 1000 records (total: 38000, more: True)
Page 39 (token: eyJhcGlfdmVyc2lvbiI6ICIxLjAiLC...)... Got 1000 records (total: 39000, more: True)
Page 40 (token: eyJhcGlfdmVyc2lvbiI6ICIxLjAiLC...)... Got 1000 records (total: 40000, more: True)
Page 41 (token: eyJhcGlfdmVyc2lvbiI6ICIxLjAiLC...)... Got 1000 records (total: 41000, more: True)
Page 42 (token: eyJhcGlfdmVyc2lvbiI6ICIxLjAiLC...)... Got 1000 records (total: 42000, more: True)
Page 43 (token: eyJhcGlfdmVyc2lvbiI6ICIxLjAiLC...)... Got 1000 records (total: 43000, more: True)
Page 44 (token: eyJhcGlfdmVyc2lvbiI6ICIxLjAiLC...)... Got 1000 records (total: 44000, more: True)
Page 45 (token: eyJhcGlfdmVyc2lvbiI6ICIxLjAiLC...)... Got 1000 records (total: 45000, more: True)
Page 46 (token: eyJhcGlfdmVyc2lvbiI6ICIxLjAiLC...)... Got 1000 records (total: 46000, more: True)
Page 47 (token: eyJhcGlfdmVyc2lvbiI6ICIxLjAiLC...)... Got 1000 records (total: 47000, more: True)
Page 48 (token: eyJhcGlfdmVyc2lvbiI6ICIxLjAiLC...)... Got 1000 records (total: 48000, more: True)
Page 49 (token: eyJhcGlfdmVyc2lvbiI6ICIxLjAiLC...)... Got 1000 records (total: 49000, more: True)
Page 50 (token: eyJhcGlfdmVyc2lvbiI6ICIxLjAiLC...)... Got 1000 records (total: 50000, more: True)
Page 51 (token: eyJhcGlfdmVyc2lvbiI6ICIxLjAiLC...)... Got 1000 records (total: 51000, more: True)
Page 52 (token: eyJhcGlfdmVyc2lvbiI6ICIxLjAiLC...)... Got 1000 records (total: 52000, more: True)
Page 53 (token: eyJhcGlfdmVyc2lvbiI6ICIxLjAiLC...)... Got 1000 records (total: 53000, more: True)
Page 54 (token: eyJhcGlfdmVyc2lvbiI6ICIxLjAiLC...)... Got 1000 records (total: 54000, more: True)
Page 55 (token: eyJhcGlfdmVyc2lvbiI6ICIxLjAiLC...)... Got 1000 records (total: 55000, more: True)
Page 56 (token: eyJhcGlfdmVyc2lvbiI6ICIxLjAiLC...)... Got 1000 records (total: 56000, more: True)
Page 57 (token: eyJhcGlfdmVyc2lvbiI6ICIxLjAiLC...)... Got 1000 records (total: 57000, more: True)
Page 58 (token: eyJhcGlfdmVyc2lvbiI6ICIxLjAiLC...)... Got 1000 records (total: 58000, more: True)
Page 59 (token: eyJhcGlfdmVyc2lvbiI6ICIxLjAiLC...)... Got 1000 records (total: 59000, more: True)
Page 60 (token: eyJhcGlfdmVyc2lvbiI6ICIxLjAiLC...)... Got 1000 records (total: 60000, more: True)
Page 61 (token: eyJhcGlfdmVyc2lvbiI6ICIxLjAiLC...)... Got 1000 records (total: 61000, more: True)
Page 62 (token: eyJhcGlfdmVyc2lvbiI6ICIxLjAiLC...)... Got 1000 records (total: 62000, more: True)
Page 63 (token: eyJhcGlfdmVyc2lvbiI6ICIxLjAiLC...)... Got 1000 records (total: 63000, more: True)
Page 64 (token: eyJhcGlfdmVyc2lvbiI6ICIxLjAiLC...)... Got 1000 records (total: 64000, more: True)
Page 65 (token: eyJhcGlfdmVyc2lvbiI6ICIxLjAiLC...)... Got 1000 records (total: 65000, more: True)
Page 66 (token: eyJhcGlfdmVyc2lvbiI6ICIxLjAiLC...)... Got 1000 records (total: 66000, more: True)
Page 67 (token: eyJhcGlfdmVyc2lvbiI6ICIxLjAiLC...)... Got 1000 records (total: 67000, more: True)
Page 68 (token: eyJhcGlfdmVyc2lvbiI6ICIxLjAiLC...)... Got 1000 records (total: 68000, more: True)
Page 69 (token: eyJhcGlfdmVyc2lvbiI6ICIxLjAiLC...)... Got 1000 records (total: 69000, more: True)
Page 70 (token: eyJhcGlfdmVyc2lvbiI6ICIxLjAiLC...)... Got 1000 records (total: 70000, more: True)
Page 71 (token: eyJhcGlfdmVyc2lvbiI6ICIxLjAiLC...)... Got 1000 records (total: 71000, more: True)
Page 72 (token: eyJhcGlfdmVyc2lvbiI6ICIxLjAiLC...)... Got 1000 records (total: 72000, more: True)
Page 73 (token: eyJhcGlfdmVyc2lvbiI6ICIxLjAiLC...)... Got 1000 records (total: 73000, more: True)
Page 74 (token: eyJhcGlfdmVyc2lvbiI6ICIxLjAiLC...)... Got 1000 records (total: 74000, more: True)
Page 75 (token: eyJhcGlfdmVyc2lvbiI6ICIxLjAiLC...)... Got 1000 records (total: 75000, more: True)
Page 76 (token: eyJhcGlfdmVyc2lvbiI6ICIxLjAiLC...)... Got 1000 records (total: 76000, more: True)
Page 77 (token: eyJhcGlfdmVyc2lvbiI6ICIxLjAiLC...)... Got 1000 records (total: 77000, more: True)
Page 78 (token: eyJhcGlfdmVyc2lvbiI6ICIxLjAiLC...)... Got 1000 records (total: 78000, more: True)
Page 79 (token: eyJhcGlfdmVyc2lvbiI6ICIxLjAiLC...)... Got 1000 records (total: 79000, more: True)
Page 80 (token: eyJhcGlfdmVyc2lvbiI6ICIxLjAiLC...)... Got 1000 records (total: 80000, more: True)
Page 81 (token: eyJhcGlfdmVyc2lvbiI6ICIxLjAiLC...)... Got 1000 records (total: 81000, more: True)
Page 82 (token: eyJhcGlfdmVyc2lvbiI6ICIxLjAiLC...)... Got 1000 records (total: 82000, more: True)
Page 83 (token: eyJhcGlfdmVyc2lvbiI6ICIxLjAiLC...)... Got 1000 records (total: 83000, more: True)
Page 84 (token: eyJhcGlfdmVyc2lvbiI6ICIxLjAiLC...)... Got 1000 records (total: 84000, more: True)
Page 85 (token: eyJhcGlfdmVyc2lvbiI6ICIxLjAiLC...)... Got 1000 records (total: 85000, more: True)
Page 86 (token: eyJhcGlfdmVyc2lvbiI6ICIxLjAiLC...)... Got 1000 records (total: 86000, more: True)
Page 87 (token: eyJhcGlfdmVyc2lvbiI6ICIxLjAiLC...)... Got 1000 records (total: 87000, more: True)
Page 88 (token: eyJhcGlfdmVyc2lvbiI6ICIxLjAiLC...)... Got 1000 records (total: 88000, more: True)
Page 89 (token: eyJhcGlfdmVyc2lvbiI6ICIxLjAiLC...)... Got 1000 records (total: 89000, more: True)
Page 90 (token: eyJhcGlfdmVyc2lvbiI6ICIxLjAiLC...)... Got 1000 records (total: 90000, more: True)
Page 91 (token: eyJhcGlfdmVyc2lvbiI6ICIxLjAiLC...)... Got 1000 records (total: 91000, more: True)
Page 92 (token: eyJhcGlfdmVyc2lvbiI6ICIxLjAiLC...)... Got 1000 records (total: 92000, more: True)
Page 93 (token: eyJhcGlfdmVyc2lvbiI6ICIxLjAiLC...)... Got 1000 records (total: 93000, more: True)
Page 94 (token: eyJhcGlfdmVyc2lvbiI6ICIxLjAiLC...)... Got 1000 records (total: 94000, more: True)
Page 95 (token: eyJhcGlfdmVyc2lvbiI6ICIxLjAiLC...)... Got 1000 records (total: 95000, more: True)
Page 96 (token: eyJhcGlfdmVyc2lvbiI6ICIxLjAiLC...)... Got 1000 records (total: 96000, more: True)
Page 97 (token: eyJhcGlfdmVyc2lvbiI6ICIxLjAiLC...)... Got 1000 records (total: 97000, more: True)
Page 98 (token: eyJhcGlfdmVyc2lvbiI6ICIxLjAiLC...)... Got 1000 records (total: 98000, more: True)
Page 99 (token: eyJhcGlfdmVyc2lvbiI6ICIxLjAiLC...)... Got 1000 records (total: 99000, more: True)
Page 100 (token: eyJhcGlfdmVyc2lvbiI6ICIxLjAiLC...)... Got 1000 records (total: 100000, more: True)
Page 101 (token: eyJhcGlfdmVyc2lvbiI6ICIxLjAiLC...)... Got 1000 records (total: 101000, more: True)
Page 102 (token: eyJhcGlfdmVyc2lvbiI6ICIxLjAiLC...)... Got 1000 records (total: 102000, more: True)
Page 103 (token: eyJhcGlfdmVyc2lvbiI6ICIxLjAiLC...)... Got 1000 records (total: 103000, more: True)
Page 104 (token: eyJhcGlfdmVyc2lvbiI6ICIxLjAiLC...)... Got 1000 records (total: 104000, more: True)
Page 105 (token: eyJhcGlfdmVyc2lvbiI6ICIxLjAiLC...)... Got 1000 records (total: 105000, more: True)
Page 106 (token: eyJhcGlfdmVyc2lvbiI6ICIxLjAiLC...)... Got 1000 records (total: 106000, more: True)
Page 107 (token: eyJhcGlfdmVyc2lvbiI6ICIxLjAiLC...)... Got 1000 records (total: 107000, more: True)
Page 108 (token: eyJhcGlfdmVyc2lvbiI6ICIxLjAiLC...)... Got 1000 records (total: 108000, more: True)
Page 109 (token: eyJhcGlfdmVyc2lvbiI6ICIxLjAiLC...)... Got 1000 records (total: 109000, more: True)
Page 110 (token: eyJhcGlfdmVyc2lvbiI6ICIxLjAiLC...)... Got 1000 records (total: 110000, more: True)
Page 111 (token: eyJhcGlfdmVyc2lvbiI6ICIxLjAiLC...)... Got 1000 records (total: 111000, more: True)
Page 112 (token: eyJhcGlfdmVyc2lvbiI6ICIxLjAiLC...)... Got 1000 records (total: 112000, more: True)
Page 113 (token: eyJhcGlfdmVyc2lvbiI6ICIxLjAiLC...)... Got 1000 records (total: 113000, more: True)
Page 114 (token: eyJhcGlfdmVyc2lvbiI6ICIxLjAiLC...)... Got 1000 records (total: 114000, more: True)
Page 115 (token: eyJhcGlfdmVyc2lvbiI6ICIxLjAiLC...)... Got 1000 records (total: 115000, more: True)
Page 116 (token: eyJhcGlfdmVyc2lvbiI6ICIxLjAiLC...)... Got 1000 records (total: 116000, more: True)
Page 117 (token: eyJhcGlfdmVyc2lvbiI6ICIxLjAiLC...)... Got 1000 records (total: 117000, more: True)
Page 118 (token: eyJhcGlfdmVyc2lvbiI6ICIxLjAiLC...)... Got 1000 records (total: 118000, more: True)
Page 119 (token: eyJhcGlfdmVyc2lvbiI6ICIxLjAiLC...)... Got 1000 records (total: 119000, more: True)
Page 120 (token: eyJhcGlfdmVyc2lvbiI6ICIxLjAiLC...)... Got 1000 records (total: 120000, more: True)
Page 121 (token: eyJhcGlfdmVyc2lvbiI6ICIxLjAiLC...)... Got 1000 records (total: 121000, more: True)
Page 122 (token: eyJhcGlfdmVyc2lvbiI6ICIxLjAiLC...)... Got 1000 records (total: 122000, more: True)
Page 123 (token: eyJhcGlfdmVyc2lvbiI6ICIxLjAiLC...)... Got 1000 records (total: 123000, more: True)
Page 124 (token: eyJhcGlfdmVyc2lvbiI6ICIxLjAiLC...)... Got 1000 records (total: 124000, more: True)
Page 125 (token: eyJhcGlfdmVyc2lvbiI6ICIxLjAiLC...)... Got 1000 records (total: 125000, more: True)
Page 126 (token: eyJhcGlfdmVyc2lvbiI6ICIxLjAiLC...)... Got 1000 records (total: 126000, more: True)
Page 127 (token: eyJhcGlfdmVyc2lvbiI6ICIxLjAiLC...)... Got 1000 records (total: 127000, more: True)
Page 128 (token: eyJhcGlfdmVyc2lvbiI6ICIxLjAiLC...)... Got 1000 records (total: 128000, more: True)
Page 129 (token: eyJhcGlfdmVyc2lvbiI6ICIxLjAiLC...)... Got 1000 records (total: 129000, more: True)
Page 130 (token: eyJhcGlfdmVyc2lvbiI6ICIxLjAiLC...)... Got 1000 records (total: 130000, more: True)
Page 131 (token: eyJhcGlfdmVyc2lvbiI6ICIxLjAiLC...)... Got 1000 records (total: 131000, more: True)
Page 132 (token: eyJhcGlfdmVyc2lvbiI6ICIxLjAiLC...)... Got 1000 records (total: 132000, more: True)
Page 133 (token: eyJhcGlfdmVyc2lvbiI6ICIxLjAiLC...)... Got 1000 records (total: 133000, more: True)
Page 134 (token: eyJhcGlfdmVyc2lvbiI6ICIxLjAiLC...)... Got 1000 records (total: 134000, more: True)
Page 135 (token: eyJhcGlfdmVyc2lvbiI6ICIxLjAiLC...)... Got 1000 records (total: 135000, more: True)
Page 136 (token: eyJhcGlfdmVyc2lvbiI6ICIxLjAiLC...)... Got 1000 records (total: 136000, more: True)
Page 137 (token: eyJhcGlfdmVyc2lvbiI6ICIxLjAiLC...)... Got 1000 records (total: 137000, more: True)
Page 138 (token: eyJhcGlfdmVyc2lvbiI6ICIxLjAiLC...)... Got 1000 records (total: 138000, more: True)
Page 139 (token: eyJhcGlfdmVyc2lvbiI6ICIxLjAiLC...)... Got 1000 records (total: 139000, more: True)
Page 140 (token: eyJhcGlfdmVyc2lvbiI6ICIxLjAiLC...)... Got 1000 records (total: 140000, more: True)
Page 141 (token: eyJhcGlfdmVyc2lvbiI6ICIxLjAiLC...)... Got 1000 records (total: 141000, more: True)
Page 142 (token: eyJhcGlfdmVyc2lvbiI6ICIxLjAiLC...)... Got 1000 records (total: 142000, more: True)
Page 143 (token: eyJhcGlfdmVyc2lvbiI6ICIxLjAiLC...)... Got 1000 records (total: 143000, more: True)
Page 144 (token: eyJhcGlfdmVyc2lvbiI6ICIxLjAiLC...)... Got 1000 records (total: 144000, more: True)
Page 145 (token: eyJhcGlfdmVyc2lvbiI6ICIxLjAiLC...)... Got 1000 records (total: 145000, more: True)
Page 146 (token: eyJhcGlfdmVyc2lvbiI6ICIxLjAiLC...)... Got 1000 records (total: 146000, more: True)
Page 147 (token: eyJhcGlfdmVyc2lvbiI6ICIxLjAiLC...)... Got 1000 records (total: 147000, more: True)
Page 148 (token: eyJhcGlfdmVyc2lvbiI6ICIxLjAiLC...)... Got 1000 records (total: 148000, more: True)
Page 149 (token: eyJhcGlfdmVyc2lvbiI6ICIxLjAiLC...)... Got 1000 records (total: 149000, more: True)
Page 150 (token: eyJhcGlfdmVyc2lvbiI6ICIxLjAiLC...)... Got 1000 records (total: 150000, more: True)
Page 151 (token: eyJhcGlfdmVyc2lvbiI6ICIxLjAiLC...)... Got 1000 records (total: 151000, more: True)
Page 152 (token: eyJhcGlfdmVyc2lvbiI6ICIxLjAiLC...)... Got 1000 records (total: 152000, more: True)
Page 153 (token: eyJhcGlfdmVyc2lvbiI6ICIxLjAiLC...)... Got 1000 records (total: 153000, more: True)
Page 154 (token: eyJhcGlfdmVyc2lvbiI6ICIxLjAiLC...)... Got 1000 records (total: 154000, more: True)
Page 155 (token: eyJhcGlfdmVyc2lvbiI6ICIxLjAiLC...)... Got 1000 records (total: 155000, more: True)
Page 156 (token: eyJhcGlfdmVyc2lvbiI6ICIxLjAiLC...)... Got 1000 records (total: 156000, more: True)
Page 157 (token: eyJhcGlfdmVyc2lvbiI6ICIxLjAiLC...)... Got 1000 records (total: 157000, more: True)
Page 158 (token: eyJhcGlfdmVyc2lvbiI6ICIxLjAiLC...)... Got 1000 records (total: 158000, more: True)
Page 159 (token: eyJhcGlfdmVyc2lvbiI6ICIxLjAiLC...)... Got 1000 records (total: 159000, more: True)
Page 160 (token: eyJhcGlfdmVyc2lvbiI6ICIxLjAiLC...)... Got 1000 records (total: 160000, more: True)
Page 161 (token: eyJhcGlfdmVyc2lvbiI6ICIxLjAiLC...)... Got 1000 records (total: 161000, more: True)
Page 162 (token: eyJhcGlfdmVyc2lvbiI6ICIxLjAiLC...)... Got 1000 records (total: 162000, more: True)
Page 163 (token: eyJhcGlfdmVyc2lvbiI6ICIxLjAiLC...)... Got 1000 records (total: 163000, more: True)
Page 164 (token: eyJhcGlfdmVyc2lvbiI6ICIxLjAiLC...)... Got 1000 records (total: 164000, more: True)
Page 165 (token: eyJhcGlfdmVyc2lvbiI6ICIxLjAiLC...)... Got 1000 records (total: 165000, more: True)
Page 166 (token: eyJhcGlfdmVyc2lvbiI6ICIxLjAiLC...)... Got 1000 records (total: 166000, more: True)
Page 167 (token: eyJhcGlfdmVyc2lvbiI6ICIxLjAiLC...)... Got 1000 records (total: 167000, more: True)
Page 168 (token: eyJhcGlfdmVyc2lvbiI6ICIxLjAiLC...)... Got 1000 records (total: 168000, more: True)
Page 169 (token: eyJhcGlfdmVyc2lvbiI6ICIxLjAiLC...)... Got 1000 records (total: 169000, more: True)
Page 170 (token: eyJhcGlfdmVyc2lvbiI6ICIxLjAiLC...)... Got 1000 records (total: 170000, more: True)
Page 171 (token: eyJhcGlfdmVyc2lvbiI6ICIxLjAiLC...)... Got 1000 records (total: 171000, more: True)
Page 172 (token: eyJhcGlfdmVyc2lvbiI6ICIxLjAiLC...)... Got 1000 records (total: 172000, more: True)
Page 173 (token: eyJhcGlfdmVyc2lvbiI6ICIxLjAiLC...)... Got 1000 records (total: 173000, more: True)
Page 174 (token: eyJhcGlfdmVyc2lvbiI6ICIxLjAiLC...)... Got 1000 records (total: 174000, more: True)
Page 175 (token: eyJhcGlfdmVyc2lvbiI6ICIxLjAiLC...)... Got 1000 records (total: 175000, more: True)
Page 176 (token: eyJhcGlfdmVyc2lvbiI6ICIxLjAiLC...)... Got 1000 records (total: 176000, more: True)
Page 177 (token: eyJhcGlfdmVyc2lvbiI6ICIxLjAiLC...)... Got 1000 records (total: 177000, more: True)
Page 178 (token: eyJhcGlfdmVyc2lvbiI6ICIxLjAiLC...)... Got 1000 records (total: 178000, more: True)
Page 179 (token: eyJhcGlfdmVyc2lvbiI6ICIxLjAiLC...)... Got 1000 records (total: 179000, more: True)
Page 180 (token: eyJhcGlfdmVyc2lvbiI6ICIxLjAiLC...)... Got 1000 records (total: 180000, more: True)
Page 181 (token: eyJhcGlfdmVyc2lvbiI6ICIxLjAiLC...)... Got 1000 records (total: 181000, more: True)
Page 182 (token: eyJhcGlfdmVyc2lvbiI6ICIxLjAiLC...)... Got 1000 records (total: 182000, more: True)
Page 183 (token: eyJhcGlfdmVyc2lvbiI6ICIxLjAiLC...)... Got 1000 records (total: 183000, more: True)
Page 184 (token: eyJhcGlfdmVyc2lvbiI6ICIxLjAiLC...)... Got 1000 records (total: 184000, more: True)
Page 185 (token: eyJhcGlfdmVyc2lvbiI6ICIxLjAiLC...)... Got 1000 records (total: 185000, more: True)
Page 186 (token: eyJhcGlfdmVyc2lvbiI6ICIxLjAiLC...)... Got 1000 records (total: 186000, more: True)
Page 187 (token: eyJhcGlfdmVyc2lvbiI6ICIxLjAiLC...)... Got 1000 records (total: 187000, more: True)
Page 188 (token: eyJhcGlfdmVyc2lvbiI6ICIxLjAiLC...)... Got 1000 records (total: 188000, more: True)
Page 189 (token: eyJhcGlfdmVyc2lvbiI6ICIxLjAiLC...)... Got 1000 records (total: 189000, more: True)
Page 190 (token: eyJhcGlfdmVyc2lvbiI6ICIxLjAiLC...)... Got 1000 records (total: 190000, more: True)
Page 191 (token: eyJhcGlfdmVyc2lvbiI6ICIxLjAiLC...)... Got 1000 records (total: 191000, more: True)
Page 192 (token: eyJhcGlfdmVyc2lvbiI6ICIxLjAiLC...)... Got 1000 records (total: 192000, more: True)
Page 193 (token: eyJhcGlfdmVyc2lvbiI6ICIxLjAiLC...)... Got 1000 records (total: 193000, more: True)
Page 194 (token: eyJhcGlfdmVyc2lvbiI6ICIxLjAiLC...)... Got 1000 records (total: 194000, more: True)
Page 195 (token: eyJhcGlfdmVyc2lvbiI6ICIxLjAiLC...)... Got 1000 records (total: 195000, more: True)
Page 196 (token: eyJhcGlfdmVyc2lvbiI6ICIxLjAiLC...)... Got 1000 records (total: 196000, more: True)
Page 197 (token: eyJhcGlfdmVyc2lvbiI6ICIxLjAiLC...)... Got 1000 records (total: 197000, more: True)
Page 198 (token: eyJhcGlfdmVyc2lvbiI6ICIxLjAiLC...)... Got 1000 records (total: 198000, more: True)
Page 199 (token: eyJhcGlfdmVyc2lvbiI6ICIxLjAiLC...)... Got 1000 records (total: 199000, more: True)
Page 200 (token: eyJhcGlfdmVyc2lvbiI6ICIxLjAiLC...)... Got 1000 records (total: 200000, more: True)
Page 201 (token: eyJhcGlfdmVyc2lvbiI6ICIxLjAiLC...)... Got 1000 records (total: 201000, more: True)
Page 202 (token: eyJhcGlfdmVyc2lvbiI6ICIxLjAiLC...)... Got 1000 records (total: 202000, more: True)
Page 203 (token: eyJhcGlfdmVyc2lvbiI6ICIxLjAiLC...)... Got 1000 records (total: 203000, more: True)
Page 204 (token: eyJhcGlfdmVyc2lvbiI6ICIxLjAiLC...)... Got 1000 records (total: 204000, more: True)
Page 205 (token: eyJhcGlfdmVyc2lvbiI6ICIxLjAiLC...)... Got 1000 records (total: 205000, more: True)
Page 206 (token: eyJhcGlfdmVyc2lvbiI6ICIxLjAiLC...)... Got 1000 records (total: 206000, more: True)
Page 207 (token: eyJhcGlfdmVyc2lvbiI6ICIxLjAiLC...)... Got 1000 records (total: 207000, more: True)
Page 208 (token: eyJhcGlfdmVyc2lvbiI6ICIxLjAiLC...)... Got 1000 records (total: 208000, more: True)
Page 209 (token: eyJhcGlfdmVyc2lvbiI6ICIxLjAiLC...)... Got 1000 records (total: 209000, more: True)
Page 210 (token: eyJhcGlfdmVyc2lvbiI6ICIxLjAiLC...)... Got 1000 records (total: 210000, more: True)
Page 211 (token: eyJhcGlfdmVyc2lvbiI6ICIxLjAiLC...)... Got 1000 records (total: 211000, more: True)
Page 212 (token: eyJhcGlfdmVyc2lvbiI6ICIxLjAiLC...)... Got 1000 records (total: 212000, more: True)
Page 213 (token: eyJhcGlfdmVyc2lvbiI6ICIxLjAiLC...)... Got 1000 records (total: 213000, more: True)
Page 214 (token: eyJhcGlfdmVyc2lvbiI6ICIxLjAiLC...)... Got 1000 records (total: 214000, more: True)
Page 215 (token: eyJhcGlfdmVyc2lvbiI6ICIxLjAiLC...)... Got 1000 records (total: 215000, more: True)
Page 216 (token: eyJhcGlfdmVyc2lvbiI6ICIxLjAiLC...)... Got 1000 records (total: 216000, more: True)
Page 217 (token: eyJhcGlfdmVyc2lvbiI6ICIxLjAiLC...)... Got 1000 records (total: 217000, more: True)
Page 218 (token: eyJhcGlfdmVyc2lvbiI6ICIxLjAiLC...)... Got 1000 records (total: 218000, more: True)
Page 219 (token: eyJhcGlfdmVyc2lvbiI6ICIxLjAiLC...)... Got 1000 records (total: 219000, more: True)
Page 220 (token: eyJhcGlfdmVyc2lvbiI6ICIxLjAiLC...)... Got 1000 records (total: 220000, more: True)
Page 221 (token: eyJhcGlfdmVyc2lvbiI6ICIxLjAiLC...)... Got 1000 records (total: 221000, more: True)
Page 222 (token: eyJhcGlfdmVyc2lvbiI6ICIxLjAiLC...)... Got 1000 records (total: 222000, more: True)
Page 223 (token: eyJhcGlfdmVyc2lvbiI6ICIxLjAiLC...)... Got 1000 records (total: 223000, more: True)
Page 224 (token: eyJhcGlfdmVyc2lvbiI6ICIxLjAiLC...)... Got 1000 records (total: 224000, more: True)
Page 225 (token: eyJhcGlfdmVyc2lvbiI6ICIxLjAiLC...)... Got 1000 records (total: 225000, more: True)
Page 226 (token: eyJhcGlfdmVyc2lvbiI6ICIxLjAiLC...)... Got 1000 records (total: 226000, more: True)
Page 227 (token: eyJhcGlfdmVyc2lvbiI6ICIxLjAiLC...)... Got 1000 records (total: 227000, more: True)
Page 228 (token: eyJhcGlfdmVyc2lvbiI6ICIxLjAiLC...)... Got 1000 records (total: 228000, more: True)
Page 229 (token: eyJhcGlfdmVyc2lvbiI6ICIxLjAiLC...)... Got 1000 records (total: 229000, more: True)
Page 230 (token: eyJhcGlfdmVyc2lvbiI6ICIxLjAiLC...)... Got 1000 records (total: 230000, more: True)
Page 231 (token: eyJhcGlfdmVyc2lvbiI6ICIxLjAiLC...)... Got 1000 records (total: 231000, more: True)
Page 232 (token: eyJhcGlfdmVyc2lvbiI6ICIxLjAiLC...)... Got 1000 records (total: 232000, more: True)
Page 233 (token: eyJhcGlfdmVyc2lvbiI6ICIxLjAiLC...)... Got 1000 records (total: 233000, more: True)
Page 234 (token: eyJhcGlfdmVyc2lvbiI6ICIxLjAiLC...)... Got 1000 records (total: 234000, more: True)
Page 235 (token: eyJhcGlfdmVyc2lvbiI6ICIxLjAiLC...)... Got 1000 records (total: 235000, more: True)
Page 236 (token: eyJhcGlfdmVyc2lvbiI6ICIxLjAiLC...)... Got 1000 records (total: 236000, more: True)
Page 237 (token: eyJhcGlfdmVyc2lvbiI6ICIxLjAiLC...)... Got 1000 records (total: 237000, more: True)
Page 238 (token: eyJhcGlfdmVyc2lvbiI6ICIxLjAiLC...)... Got 1000 records (total: 238000, more: True)
Page 239 (token: eyJhcGlfdmVyc2lvbiI6ICIxLjAiLC...)... Got 1000 records (total: 239000, more: True)
Page 240 (token: eyJhcGlfdmVyc2lvbiI6ICIxLjAiLC...)... Got 1000 records (total: 240000, more: True)
Page 241 (token: eyJhcGlfdmVyc2lvbiI6ICIxLjAiLC...)... Got 1000 records (total: 241000, more: True)
Page 242 (token: eyJhcGlfdmVyc2lvbiI6ICIxLjAiLC...)... Got 1000 records (total: 242000, more: True)
Page 243 (token: eyJhcGlfdmVyc2lvbiI6ICIxLjAiLC...)... Got 1000 records (total: 243000, more: True)
Page 244 (token: eyJhcGlfdmVyc2lvbiI6ICIxLjAiLC...)... Got 1000 records (total: 244000, more: True)
Page 245 (token: eyJhcGlfdmVyc2lvbiI6ICIxLjAiLC...)... Got 1000 records (total: 245000, more: True)
Page 246 (token: eyJhcGlfdmVyc2lvbiI6ICIxLjAiLC...)... Got 1000 records (total: 246000, more: True)
Page 247 (token: eyJhcGlfdmVyc2lvbiI6ICIxLjAiLC...)... Got 1000 records (total: 247000, more: True)
Page 248 (token: eyJhcGlfdmVyc2lvbiI6ICIxLjAiLC...)... Got 1000 records (total: 248000, more: True)
Page 249 (token: eyJhcGlfdmVyc2lvbiI6ICIxLjAiLC...)... Got 1000 records (total: 249000, more: True)
Page 250 (token: eyJhcGlfdmVyc2lvbiI6ICIxLjAiLC...)... Got 1000 records (total: 250000, more: True)
Page 251 (token: eyJhcGlfdmVyc2lvbiI6ICIxLjAiLC...)... Got 1000 records (total: 251000, more: True)
Page 252 (token: eyJhcGlfdmVyc2lvbiI6ICIxLjAiLC...)... Got 1000 records (total: 252000, more: True)
Page 253 (token: eyJhcGlfdmVyc2lvbiI6ICIxLjAiLC...)... Got 1000 records (total: 253000, more: True)
Page 254 (token: eyJhcGlfdmVyc2lvbiI6ICIxLjAiLC...)... Got 1000 records (total: 254000, more: True)
Page 255 (token: eyJhcGlfdmVyc2lvbiI6ICIxLjAiLC...)... Got 1000 records (total: 255000, more: True)
Page 256 (token: eyJhcGlfdmVyc2lvbiI6ICIxLjAiLC...)... Got 1000 records (total: 256000, more: True)
Page 257 (token: eyJhcGlfdmVyc2lvbiI6ICIxLjAiLC...)... Got 1000 records (total: 257000, more: True)
Page 258 (token: eyJhcGlfdmVyc2lvbiI6ICIxLjAiLC...)... Got 1000 records (total: 258000, more: True)
Page 259 (token: eyJhcGlfdmVyc2lvbiI6ICIxLjAiLC...)... Got 1000 records (total: 259000, more: True)
Page 260 (token: eyJhcGlfdmVyc2lvbiI6ICIxLjAiLC...)... Got 1000 records (total: 260000, more: True)
Page 261 (token: eyJhcGlfdmVyc2lvbiI6ICIxLjAiLC...)... Got 1000 records (total: 261000, more: True)
Page 262 (token: eyJhcGlfdmVyc2lvbiI6ICIxLjAiLC...)... Got 1000 records (total: 262000, more: True)
Page 263 (token: eyJhcGlfdmVyc2lvbiI6ICIxLjAiLC...)... Got 1000 records (total: 263000, more: True)
Page 264 (token: eyJhcGlfdmVyc2lvbiI6ICIxLjAiLC...)... Got 1000 records (total: 264000, more: True)
Page 265 (token: eyJhcGlfdmVyc2lvbiI6ICIxLjAiLC...)... Got 1000 records (total: 265000, more: True)
Page 266 (token: eyJhcGlfdmVyc2lvbiI6ICIxLjAiLC...)... Got 1000 records (total: 266000, more: True)
Page 267 (token: eyJhcGlfdmVyc2lvbiI6ICIxLjAiLC...)... Got 1000 records (total: 267000, more: True)
Page 268 (token: eyJhcGlfdmVyc2lvbiI6ICIxLjAiLC...)... Got 1000 records (total: 268000, more: True)
Page 269 (token: eyJhcGlfdmVyc2lvbiI6ICIxLjAiLC...)... Got 1000 records (total: 269000, more: True)
Page 270 (token: eyJhcGlfdmVyc2lvbiI6ICIxLjAiLC...)... Got 1000 records (total: 270000, more: True)
Page 271 (token: eyJhcGlfdmVyc2lvbiI6ICIxLjAiLC...)... Got 1000 records (total: 271000, more: True)
Page 272 (token: eyJhcGlfdmVyc2lvbiI6ICIxLjAiLC...)... Got 1000 records (total: 272000, more: True)
Page 273 (token: eyJhcGlfdmVyc2lvbiI6ICIxLjAiLC...)... Got 1000 records (total: 273000, more: True)
Page 274 (token: eyJhcGlfdmVyc2lvbiI6ICIxLjAiLC...)... Got 1000 records (total: 274000, more: True)
Page 275 (token: eyJhcGlfdmVyc2lvbiI6ICIxLjAiLC...)... Got 1000 records (total: 275000, more: True)
Page 276 (token: eyJhcGlfdmVyc2lvbiI6ICIxLjAiLC...)... Got 1000 records (total: 276000, more: True)
Page 277 (token: eyJhcGlfdmVyc2lvbiI6ICIxLjAiLC...)... Got 1000 records (total: 277000, more: True)
Page 278 (token: eyJhcGlfdmVyc2lvbiI6ICIxLjAiLC...)... Got 1000 records (total: 278000, more: True)
Page 279 (token: eyJhcGlfdmVyc2lvbiI6ICIxLjAiLC...)... Got 1000 records (total: 279000, more: True)
Page 280 (token: eyJhcGlfdmVyc2lvbiI6ICIxLjAiLC...)... Got 1000 records (total: 280000, more: True)
Page 281 (token: eyJhcGlfdmVyc2lvbiI6ICIxLjAiLC...)... Got 1000 records (total: 281000, more: True)
Page 282 (token: eyJhcGlfdmVyc2lvbiI6ICIxLjAiLC...)... Got 1000 records (total: 282000, more: True)
Page 283 (token: eyJhcGlfdmVyc2lvbiI6ICIxLjAiLC...)... Got 1000 records (total: 283000, more: True)
Page 284 (token: eyJhcGlfdmVyc2lvbiI6ICIxLjAiLC...)... Got 1000 records (total: 284000, more: True)
Page 285 (token: eyJhcGlfdmVyc2lvbiI6ICIxLjAiLC...)... Got 1000 records (total: 285000, more: True)
Page 286 (token: eyJhcGlfdmVyc2lvbiI6ICIxLjAiLC...)... Got 1000 records (total: 286000, more: True)
Page 287 (token: eyJhcGlfdmVyc2lvbiI6ICIxLjAiLC...)... Got 1000 records (total: 287000, more: True)
Page 288 (token: eyJhcGlfdmVyc2lvbiI6ICIxLjAiLC...)... Got 1000 records (total: 288000, more: True)
Page 289 (token: eyJhcGlfdmVyc2lvbiI6ICIxLjAiLC...)... Got 1000 records (total: 289000, more: True)
Page 290 (token: eyJhcGlfdmVyc2lvbiI6ICIxLjAiLC...)... Got 1000 records (total: 290000, more: True)
Page 291 (token: eyJhcGlfdmVyc2lvbiI6ICIxLjAiLC...)... Got 1000 records (total: 291000, more: True)
Page 292 (token: eyJhcGlfdmVyc2lvbiI6ICIxLjAiLC...)... Got 1000 records (total: 292000, more: True)
Page 293 (token: eyJhcGlfdmVyc2lvbiI6ICIxLjAiLC...)... Got 1000 records (total: 293000, more: True)
Page 294 (token: eyJhcGlfdmVyc2lvbiI6ICIxLjAiLC...)... Got 1000 records (total: 294000, more: True)
Page 295 (token: eyJhcGlfdmVyc2lvbiI6ICIxLjAiLC...)... Got 1000 records (total: 295000, more: True)
Page 296 (token: eyJhcGlfdmVyc2lvbiI6ICIxLjAiLC...)... Got 1000 records (total: 296000, more: True)
Page 297 (token: eyJhcGlfdmVyc2lvbiI6ICIxLjAiLC...)... Got 1000 records (total: 297000, more: True)
Page 298 (token: eyJhcGlfdmVyc2lvbiI6ICIxLjAiLC...)... Got 1000 records (total: 298000, more: True)
Page 299 (token: eyJhcGlfdmVyc2lvbiI6ICIxLjAiLC...)... Got 1000 records (total: 299000, more: True)
Page 300 (token: eyJhcGlfdmVyc2lvbiI6ICIxLjAiLC...)... Got 1000 records (total: 300000, more: True)
Page 301 (token: eyJhcGlfdmVyc2lvbiI6ICIxLjAiLC...)... Got 1000 records (total: 301000, more: True)
Page 302 (token: eyJhcGlfdmVyc2lvbiI6ICIxLjAiLC...)... Got 1000 records (total: 302000, more: True)
Page 303 (token: eyJhcGlfdmVyc2lvbiI6ICIxLjAiLC...)... Got 1000 records (total: 303000, more: True)
Page 304 (token: eyJhcGlfdmVyc2lvbiI6ICIxLjAiLC...)... Got 1000 records (total: 304000, more: True)
Page 305 (token: eyJhcGlfdmVyc2lvbiI6ICIxLjAiLC...)... Got 1000 records (total: 305000, more: True)
Page 306 (token: eyJhcGlfdmVyc2lvbiI6ICIxLjAiLC...)... Got 1000 records (total: 306000, more: True)
Page 307 (token: eyJhcGlfdmVyc2lvbiI6ICIxLjAiLC...)... Got 1000 records (total: 307000, more: True)
Page 308 (token: eyJhcGlfdmVyc2lvbiI6ICIxLjAiLC...)... Got 1000 records (total: 308000, more: True)
Page 309 (token: eyJhcGlfdmVyc2lvbiI6ICIxLjAiLC...)... Got 1000 records (total: 309000, more: True)
Page 310 (token: eyJhcGlfdmVyc2lvbiI6ICIxLjAiLC...)... Got 1000 records (total: 310000, more: True)
Page 311 (token: eyJhcGlfdmVyc2lvbiI6ICIxLjAiLC...)... Got 1000 records (total: 311000, more: True)
Page 312 (token: eyJhcGlfdmVyc2lvbiI6ICIxLjAiLC...)... Got 1000 records (total: 312000, more: True)
Page 313 (token: eyJhcGlfdmVyc2lvbiI6ICIxLjAiLC...)... Got 1000 records (total: 313000, more: True)
Page 314 (token: eyJhcGlfdmVyc2lvbiI6ICIxLjAiLC...)... Got 1000 records (total: 314000, more: True)
Page 315 (token: eyJhcGlfdmVyc2lvbiI6ICIxLjAiLC...)... Got 1000 records (total: 315000, more: True)
Page 316 (token: eyJhcGlfdmVyc2lvbiI6ICIxLjAiLC...)... Got 1000 records (total: 316000, more: True)
Page 317 (token: eyJhcGlfdmVyc2lvbiI6ICIxLjAiLC...)... Got 1000 records (total: 317000, more: True)
Page 318 (token: eyJhcGlfdmVyc2lvbiI6ICIxLjAiLC...)... Got 1000 records (total: 318000, more: True)
Page 319 (token: eyJhcGlfdmVyc2lvbiI6ICIxLjAiLC...)... Got 1000 records (total: 319000, more: True)
Page 320 (token: eyJhcGlfdmVyc2lvbiI6ICIxLjAiLC...)... Got 1000 records (total: 320000, more: True)
Page 321 (token: eyJhcGlfdmVyc2lvbiI6ICIxLjAiLC...)... Got 1000 records (total: 321000, more: True)
Page 322 (token: eyJhcGlfdmVyc2lvbiI6ICIxLjAiLC...)... Got 1000 records (total: 322000, more: True)
Page 323 (token: eyJhcGlfdmVyc2lvbiI6ICIxLjAiLC...)... Got 1000 records (total: 323000, more: True)
Page 324 (token: eyJhcGlfdmVyc2lvbiI6ICIxLjAiLC...)... Got 1000 records (total: 324000, more: True)
Page 325 (token: eyJhcGlfdmVyc2lvbiI6ICIxLjAiLC...)... Got 1000 records (total: 325000, more: True)
Page 326 (token: eyJhcGlfdmVyc2lvbiI6ICIxLjAiLC...)... Got 1000 records (total: 326000, more: True)
Page 327 (token: eyJhcGlfdmVyc2lvbiI6ICIxLjAiLC...)... Got 1000 records (total: 327000, more: True)
Page 328 (token: eyJhcGlfdmVyc2lvbiI6ICIxLjAiLC...)... Got 1000 records (total: 328000, more: True)
Page 329 (token: eyJhcGlfdmVyc2lvbiI6ICIxLjAiLC...)... Got 1000 records (total: 329000, more: True)
Page 330 (token: eyJhcGlfdmVyc2lvbiI6ICIxLjAiLC...)... Got 1000 records (total: 330000, more: True)
Page 331 (token: eyJhcGlfdmVyc2lvbiI6ICIxLjAiLC...)... Got 1000 records (total: 331000, more: True)
Page 332 (token: eyJhcGlfdmVyc2lvbiI6ICIxLjAiLC...)... Got 1000 records (total: 332000, more: True)
Page 333 (token: eyJhcGlfdmVyc2lvbiI6ICIxLjAiLC...)... Got 1000 records (total: 333000, more: True)
Page 334 (token: eyJhcGlfdmVyc2lvbiI6ICIxLjAiLC...)... Got 1000 records (total: 334000, more: True)
Page 335 (token: eyJhcGlfdmVyc2lvbiI6ICIxLjAiLC...)... Got 1000 records (total: 335000, more: True)
Page 336 (token: eyJhcGlfdmVyc2lvbiI6ICIxLjAiLC...)... Got 1000 records (total: 336000, more: True)
Page 337 (token: eyJhcGlfdmVyc2lvbiI6ICIxLjAiLC...)... Got 1000 records (total: 337000, more: True)
Page 338 (token: eyJhcGlfdmVyc2lvbiI6ICIxLjAiLC...)... Got 1000 records (total: 338000, more: True)
Page 339 (token: eyJhcGlfdmVyc2lvbiI6ICIxLjAiLC...)... Got 1000 records (total: 339000, more: True)
Page 340 (token: eyJhcGlfdmVyc2lvbiI6ICIxLjAiLC...)... Got 1000 records (total: 340000, more: True)
Page 341 (token: eyJhcGlfdmVyc2lvbiI6ICIxLjAiLC...)... Got 1000 records (total: 341000, more: True)
Page 342 (token: eyJhcGlfdmVyc2lvbiI6ICIxLjAiLC...)... Got 1000 records (total: 342000, more: True)
Page 343 (token: eyJhcGlfdmVyc2lvbiI6ICIxLjAiLC...)... Got 1000 records (total: 343000, more: True)
Page 344 (token: eyJhcGlfdmVyc2lvbiI6ICIxLjAiLC...)... Got 1000 records (total: 344000, more: True)
Page 345 (token: eyJhcGlfdmVyc2lvbiI6ICIxLjAiLC...)... Got 1000 records (total: 345000, more: True)
Page 346 (token: eyJhcGlfdmVyc2lvbiI6ICIxLjAiLC...)... Got 1000 records (total: 346000, more: True)
Page 347 (token: eyJhcGlfdmVyc2lvbiI6ICIxLjAiLC...)... Got 1000 records (total: 347000, more: True)
Page 348 (token: eyJhcGlfdmVyc2lvbiI6ICIxLjAiLC...)... Got 1000 records (total: 348000, more: True)
Page 349 (token: eyJhcGlfdmVyc2lvbiI6ICIxLjAiLC...)... Got 1000 records (total: 349000, more: True)
Page 350 (token: eyJhcGlfdmVyc2lvbiI6ICIxLjAiLC...)... Got 1000 records (total: 350000, more: True)
Page 351 (token: eyJhcGlfdmVyc2lvbiI6ICIxLjAiLC...)... Got 1000 records (total: 351000, more: True)
Page 352 (token: eyJhcGlfdmVyc2lvbiI6ICIxLjAiLC...)... Got 1000 records (total: 352000, more: True)
Page 353 (token: eyJhcGlfdmVyc2lvbiI6ICIxLjAiLC...)... Got 1000 records (total: 353000, more: True)
Page 354 (token: eyJhcGlfdmVyc2lvbiI6ICIxLjAiLC...)... Got 1000 records (total: 354000, more: True)
Page 355 (token: eyJhcGlfdmVyc2lvbiI6ICIxLjAiLC...)... Got 1000 records (total: 355000, more: True)
Page 356 (token: eyJhcGlfdmVyc2lvbiI6ICIxLjAiLC...)... Got 1000 records (total: 356000, more: True)
Page 357 (token: eyJhcGlfdmVyc2lvbiI6ICIxLjAiLC...)... Got 1000 records (total: 357000, more: True)
Page 358 (token: eyJhcGlfdmVyc2lvbiI6ICIxLjAiLC...)... Got 1000 records (total: 358000, more: True)
Page 359 (token: eyJhcGlfdmVyc2lvbiI6ICIxLjAiLC...)... Got 1000 records (total: 359000, more: True)
Page 360 (token: eyJhcGlfdmVyc2lvbiI6ICIxLjAiLC...)... Got 1000 records (total: 360000, more: True)
Page 361 (token: eyJhcGlfdmVyc2lvbiI6ICIxLjAiLC...)... Got 1000 records (total: 361000, more: True)
Page 362 (token: eyJhcGlfdmVyc2lvbiI6ICIxLjAiLC...)... Got 1000 records (total: 362000, more: True)
Page 363 (token: eyJhcGlfdmVyc2lvbiI6ICIxLjAiLC...)... Got 1000 records (total: 363000, more: True)
Page 364 (token: eyJhcGlfdmVyc2lvbiI6ICIxLjAiLC...)... Got 1000 records (total: 364000, more: True)
Page 365 (token: eyJhcGlfdmVyc2lvbiI6ICIxLjAiLC...)... Got 1000 records (total: 365000, more: True)
Page 366 (token: eyJhcGlfdmVyc2lvbiI6ICIxLjAiLC...)... Got 1000 records (total: 366000, more: True)
Page 367 (token: eyJhcGlfdmVyc2lvbiI6ICIxLjAiLC...)... Got 1000 records (total: 367000, more: True)
Page 368 (token: eyJhcGlfdmVyc2lvbiI6ICIxLjAiLC...)... Got 1000 records (total: 368000, more: True)
Page 369 (token: eyJhcGlfdmVyc2lvbiI6ICIxLjAiLC...)... Got 1000 records (total: 369000, more: True)
Page 370 (token: eyJhcGlfdmVyc2lvbiI6ICIxLjAiLC...)... Got 1000 records (total: 370000, more: True)
Page 371 (token: eyJhcGlfdmVyc2lvbiI6ICIxLjAiLC...)... Got 1000 records (total: 371000, more: True)
Page 372 (token: eyJhcGlfdmVyc2lvbiI6ICIxLjAiLC...)... Got 1000 records (total: 372000, more: True)
Page 373 (token: eyJhcGlfdmVyc2lvbiI6ICIxLjAiLC...)... Got 1000 records (total: 373000, more: True)
Page 374 (token: eyJhcGlfdmVyc2lvbiI6ICIxLjAiLC...)... Got 1000 records (total: 374000, more: True)
Page 375 (token: eyJhcGlfdmVyc2lvbiI6ICIxLjAiLC...)... Got 1000 records (total: 375000, more: True)
Page 376 (token: eyJhcGlfdmVyc2lvbiI6ICIxLjAiLC...)... Got 1000 records (total: 376000, more: True)
Page 377 (token: eyJhcGlfdmVyc2lvbiI6ICIxLjAiLC...)... Got 1000 records (total: 377000, more: True)
Page 378 (token: eyJhcGlfdmVyc2lvbiI6ICIxLjAiLC...)... Got 1000 records (total: 378000, more: True)
Page 379 (token: eyJhcGlfdmVyc2lvbiI6ICIxLjAiLC...)... Got 1000 records (total: 379000, more: True)
Page 380 (token: eyJhcGlfdmVyc2lvbiI6ICIxLjAiLC...)... Got 1000 records (total: 380000, more: True)
Page 381 (token: eyJhcGlfdmVyc2lvbiI6ICIxLjAiLC...)... Got 1000 records (total: 381000, more: True)
Page 382 (token: eyJhcGlfdmVyc2lvbiI6ICIxLjAiLC...)... Got 1000 records (total: 382000, more: True)
Page 383 (token: eyJhcGlfdmVyc2lvbiI6ICIxLjAiLC...)... Got 1000 records (total: 383000, more: True)
Page 384 (token: eyJhcGlfdmVyc2lvbiI6ICIxLjAiLC...)... Got 1000 records (total: 384000, more: True)
Page 385 (token: eyJhcGlfdmVyc2lvbiI6ICIxLjAiLC...)... Got 1000 records (total: 385000, more: True)
Page 386 (token: eyJhcGlfdmVyc2lvbiI6ICIxLjAiLC...)... Got 1000 records (total: 386000, more: True)
Page 387 (token: eyJhcGlfdmVyc2lvbiI6ICIxLjAiLC...)... Got 1000 records (total: 387000, more: True)
Page 388 (token: eyJhcGlfdmVyc2lvbiI6ICIxLjAiLC...)... Got 1000 records (total: 388000, more: True)
Page 389 (token: eyJhcGlfdmVyc2lvbiI6ICIxLjAiLC...)... Got 1000 records (total: 389000, more: True)
Page 390 (token: eyJhcGlfdmVyc2lvbiI6ICIxLjAiLC...)... Got 1000 records (total: 390000, more: True)
Page 391 (token: eyJhcGlfdmVyc2lvbiI6ICIxLjAiLC...)... Got 1000 records (total: 391000, more: True)
Page 392 (token: eyJhcGlfdmVyc2lvbiI6ICIxLjAiLC...)... Got 1000 records (total: 392000, more: True)
Page 393 (token: eyJhcGlfdmVyc2lvbiI6ICIxLjAiLC...)... Got 1000 records (total: 393000, more: True)
Page 394 (token: eyJhcGlfdmVyc2lvbiI6ICIxLjAiLC...)... Got 1000 records (total: 394000, more: True)
Page 395 (token: eyJhcGlfdmVyc2lvbiI6ICIxLjAiLC...)... Got 1000 records (total: 395000, more: True)
Page 396 (token: eyJhcGlfdmVyc2lvbiI6ICIxLjAiLC...)... Got 1000 records (total: 396000, more: True)
Page 397 (token: eyJhcGlfdmVyc2lvbiI6ICIxLjAiLC...)... Got 1000 records (total: 397000, more: True)
Page 398 (token: eyJhcGlfdmVyc2lvbiI6ICIxLjAiLC...)... Got 1000 records (total: 398000, more: True)
Page 399 (token: eyJhcGlfdmVyc2lvbiI6ICIxLjAiLC...)... Got 1000 records (total: 399000, more: True)
Page 400 (token: eyJhcGlfdmVyc2lvbiI6ICIxLjAiLC...)... Got 1000 records (total: 400000, more: True)
Page 401 (token: eyJhcGlfdmVyc2lvbiI6ICIxLjAiLC...)... Got 1000 records (total: 401000, more: True)
Page 402 (token: eyJhcGlfdmVyc2lvbiI6ICIxLjAiLC...)... Got 1000 records (total: 402000, more: True)
Page 403 (token: eyJhcGlfdmVyc2lvbiI6ICIxLjAiLC...)... Got 1000 records (total: 403000, more: True)
Page 404 (token: eyJhcGlfdmVyc2lvbiI6ICIxLjAiLC...)... Got 1000 records (total: 404000, more: True)
Page 405 (token: eyJhcGlfdmVyc2lvbiI6ICIxLjAiLC...)... Got 1000 records (total: 405000, more: True)
Page 406 (token: eyJhcGlfdmVyc2lvbiI6ICIxLjAiLC...)... Got 1000 records (total: 406000, more: True)
Page 407 (token: eyJhcGlfdmVyc2lvbiI6ICIxLjAiLC...)... Got 1000 records (total: 407000, more: True)
Page 408 (token: eyJhcGlfdmVyc2lvbiI6ICIxLjAiLC...)... Got 1000 records (total: 408000, more: True)
Page 409 (token: eyJhcGlfdmVyc2lvbiI6ICIxLjAiLC...)... Got 1000 records (total: 409000, more: True)
Page 410 (token: eyJhcGlfdmVyc2lvbiI6ICIxLjAiLC...)... Got 1000 records (total: 410000, more: True)
Page 411 (token: eyJhcGlfdmVyc2lvbiI6ICIxLjAiLC...)... Got 1000 records (total: 411000, more: True)
Page 412 (token: eyJhcGlfdmVyc2lvbiI6ICIxLjAiLC...)... Got 1000 records (total: 412000, more: True)
Page 413 (token: eyJhcGlfdmVyc2lvbiI6ICIxLjAiLC...)... Got 1000 records (total: 413000, more: True)
Page 414 (token: eyJhcGlfdmVyc2lvbiI6ICIxLjAiLC...)... Got 1000 records (total: 414000, more: True)
Page 415 (token: eyJhcGlfdmVyc2lvbiI6ICIxLjAiLC...)... Got 1000 records (total: 415000, more: True)
Page 416 (token: eyJhcGlfdmVyc2lvbiI6ICIxLjAiLC...)... Got 1000 records (total: 416000, more: True)
Page 417 (token: eyJhcGlfdmVyc2lvbiI6ICIxLjAiLC...)... Got 1000 records (total: 417000, more: True)
Page 418 (token: eyJhcGlfdmVyc2lvbiI6ICIxLjAiLC...)... Got 1000 records (total: 418000, more: True)
Page 419 (token: eyJhcGlfdmVyc2lvbiI6ICIxLjAiLC...)... Got 1000 records (total: 419000, more: True)
Page 420 (token: eyJhcGlfdmVyc2lvbiI6ICIxLjAiLC...)... Got 1000 records (total: 420000, more: True)
Page 421 (token: eyJhcGlfdmVyc2lvbiI6ICIxLjAiLC...)... Got 1000 records (total: 421000, more: True)
Page 422 (token: eyJhcGlfdmVyc2lvbiI6ICIxLjAiLC...)... Got 1000 records (total: 422000, more: True)
Page 423 (token: eyJhcGlfdmVyc2lvbiI6ICIxLjAiLC...)... Got 1000 records (total: 423000, more: True)
Page 424 (token: eyJhcGlfdmVyc2lvbiI6ICIxLjAiLC...)... Got 1000 records (total: 424000, more: True)
Page 425 (token: eyJhcGlfdmVyc2lvbiI6ICIxLjAiLC...)... Got 1000 records (total: 425000, more: True)
Page 426 (token: eyJhcGlfdmVyc2lvbiI6ICIxLjAiLC...)... Got 1000 records (total: 426000, more: True)
Page 427 (token: eyJhcGlfdmVyc2lvbiI6ICIxLjAiLC...)... Got 1000 records (total: 427000, more: True)
Page 428 (token: eyJhcGlfdmVyc2lvbiI6ICIxLjAiLC...)... Got 1000 records (total: 428000, more: True)
Page 429 (token: eyJhcGlfdmVyc2lvbiI6ICIxLjAiLC...)... Got 1000 records (total: 429000, more: True)
Page 430 (token: eyJhcGlfdmVyc2lvbiI6ICIxLjAiLC...)... Got 1000 records (total: 430000, more: True)
Page 431 (token: eyJhcGlfdmVyc2lvbiI6ICIxLjAiLC...)... Got 1000 records (total: 431000, more: True)
Page 432 (token: eyJhcGlfdmVyc2lvbiI6ICIxLjAiLC...)... Got 1000 records (total: 432000, more: True)
Page 433 (token: eyJhcGlfdmVyc2lvbiI6ICIxLjAiLC...)... Got 1000 records (total: 433000, more: True)
Page 434 (token: eyJhcGlfdmVyc2lvbiI6ICIxLjAiLC...)... Got 1000 records (total: 434000, more: True)
Page 435 (token: eyJhcGlfdmVyc2lvbiI6ICIxLjAiLC...)... Got 1000 records (total: 435000, more: True)
Page 436 (token: eyJhcGlfdmVyc2lvbiI6ICIxLjAiLC...)... Got 1000 records (total: 436000, more: True)
Page 437 (token: eyJhcGlfdmVyc2lvbiI6ICIxLjAiLC...)... Got 1000 records (total: 437000, more: True)
Page 438 (token: eyJhcGlfdmVyc2lvbiI6ICIxLjAiLC...)... Got 1000 records (total: 438000, more: True)
Page 439 (token: eyJhcGlfdmVyc2lvbiI6ICIxLjAiLC...)... Got 1000 records (total: 439000, more: True)
Page 440 (token: eyJhcGlfdmVyc2lvbiI6ICIxLjAiLC...)... Got 1000 records (total: 440000, more: True)
Page 441 (token: eyJhcGlfdmVyc2lvbiI6ICIxLjAiLC...)... Got 1000 records (total: 441000, more: True)
Page 442 (token: eyJhcGlfdmVyc2lvbiI6ICIxLjAiLC...)... Got 1000 records (total: 442000, more: True)
Page 443 (token: eyJhcGlfdmVyc2lvbiI6ICIxLjAiLC...)... Got 1000 records (total: 443000, more: True)
Page 444 (token: eyJhcGlfdmVyc2lvbiI6ICIxLjAiLC...)... Got 1000 records (total: 444000, more: True)
Page 445 (token: eyJhcGlfdmVyc2lvbiI6ICIxLjAiLC...)... Got 1000 records (total: 445000, more: True)
Page 446 (token: eyJhcGlfdmVyc2lvbiI6ICIxLjAiLC...)... Got 1000 records (total: 446000, more: True)
Page 447 (token: eyJhcGlfdmVyc2lvbiI6ICIxLjAiLC...)... Got 1000 records (total: 447000, more: True)
Page 448 (token: eyJhcGlfdmVyc2lvbiI6ICIxLjAiLC...)... Got 1000 records (total: 448000, more: True)
Page 449 (token: eyJhcGlfdmVyc2lvbiI6ICIxLjAiLC...)... Got 1000 records (total: 449000, more: True)
Page 450 (token: eyJhcGlfdmVyc2lvbiI6ICIxLjAiLC...)... Got 1000 records (total: 450000, more: True)
Page 451 (token: eyJhcGlfdmVyc2lvbiI6ICIxLjAiLC...)... Got 1000 records (total: 451000, more: True)
Page 452 (token: eyJhcGlfdmVyc2lvbiI6ICIxLjAiLC...)... Got 1000 records (total: 452000, more: True)
Page 453 (token: eyJhcGlfdmVyc2lvbiI6ICIxLjAiLC...)... Got 1000 records (total: 453000, more: True)
Page 454 (token: eyJhcGlfdmVyc2lvbiI6ICIxLjAiLC...)... Got 1000 records (total: 454000, more: True)
Page 455 (token: eyJhcGlfdmVyc2lvbiI6ICIxLjAiLC...)... Got 1000 records (total: 455000, more: True)
Page 456 (token: eyJhcGlfdmVyc2lvbiI6ICIxLjAiLC...)... Got 1000 records (total: 456000, more: True)
Page 457 (token: eyJhcGlfdmVyc2lvbiI6ICIxLjAiLC...)... Got 1000 records (total: 457000, more: True)
Page 458 (token: eyJhcGlfdmVyc2lvbiI6ICIxLjAiLC...)... Got 1000 records (total: 458000, more: True)
Page 459 (token: eyJhcGlfdmVyc2lvbiI6ICIxLjAiLC...)... Got 1000 records (total: 459000, more: True)
Page 460 (token: eyJhcGlfdmVyc2lvbiI6ICIxLjAiLC...)... Got 1000 records (total: 460000, more: True)
Page 461 (token: eyJhcGlfdmVyc2lvbiI6ICIxLjAiLC...)... Got 1000 records (total: 461000, more: True)
Page 462 (token: eyJhcGlfdmVyc2lvbiI6ICIxLjAiLC...)... Got 1000 records (total: 462000, more: True)
Page 463 (token: eyJhcGlfdmVyc2lvbiI6ICIxLjAiLC...)... Got 1000 records (total: 463000, more: True)
Page 464 (token: eyJhcGlfdmVyc2lvbiI6ICIxLjAiLC...)... Got 1000 records (total: 464000, more: True)
Page 465 (token: eyJhcGlfdmVyc2lvbiI6ICIxLjAiLC...)... Got 1000 records (total: 465000, more: True)
Page 466 (token: eyJhcGlfdmVyc2lvbiI6ICIxLjAiLC...)... Got 1000 records (total: 466000, more: True)
Page 467 (token: eyJhcGlfdmVyc2lvbiI6ICIxLjAiLC...)... Got 1000 records (total: 467000, more: True)
Page 468 (token: eyJhcGlfdmVyc2lvbiI6ICIxLjAiLC...)... Got 1000 records (total: 468000, more: True)
Page 469 (token: eyJhcGlfdmVyc2lvbiI6ICIxLjAiLC...)... Got 1000 records (total: 469000, more: True)
Page 470 (token: eyJhcGlfdmVyc2lvbiI6ICIxLjAiLC...)... Got 1000 records (total: 470000, more: True)
Page 471 (token: eyJhcGlfdmVyc2lvbiI6ICIxLjAiLC...)... Got 1000 records (total: 471000, more: True)
Page 472 (token: eyJhcGlfdmVyc2lvbiI6ICIxLjAiLC...)... Got 1000 records (total: 472000, more: True)
Page 473 (token: eyJhcGlfdmVyc2lvbiI6ICIxLjAiLC...)... Got 1000 records (total: 473000, more: True)
Page 474 (token: eyJhcGlfdmVyc2lvbiI6ICIxLjAiLC...)... Got 1000 records (total: 474000, more: True)
Page 475 (token: eyJhcGlfdmVyc2lvbiI6ICIxLjAiLC...)... Got 1000 records (total: 475000, more: True)
Page 476 (token: eyJhcGlfdmVyc2lvbiI6ICIxLjAiLC...)... Got 1000 records (total: 476000, more: True)
Page 477 (token: eyJhcGlfdmVyc2lvbiI6ICIxLjAiLC...)... Got 1000 records (total: 477000, more: True)
Page 478 (token: eyJhcGlfdmVyc2lvbiI6ICIxLjAiLC...)... Got 1000 records (total: 478000, more: True)
Page 479 (token: eyJhcGlfdmVyc2lvbiI6ICIxLjAiLC...)... Got 1000 records (total: 479000, more: True)
Page 480 (token: eyJhcGlfdmVyc2lvbiI6ICIxLjAiLC...)... Got 1000 records (total: 480000, more: True)
Page 481 (token: eyJhcGlfdmVyc2lvbiI6ICIxLjAiLC...)... Got 1000 records (total: 481000, more: True)
Page 482 (token: eyJhcGlfdmVyc2lvbiI6ICIxLjAiLC...)... Got 1000 records (total: 482000, more: True)
Page 483 (token: eyJhcGlfdmVyc2lvbiI6ICIxLjAiLC...)... Got 1000 records (total: 483000, more: True)
Page 484 (token: eyJhcGlfdmVyc2lvbiI6ICIxLjAiLC...)... Got 1000 records (total: 484000, more: True)
Page 485 (token: eyJhcGlfdmVyc2lvbiI6ICIxLjAiLC...)... Got 1000 records (total: 485000, more: True)
Page 486 (token: eyJhcGlfdmVyc2lvbiI6ICIxLjAiLC...)... Got 1000 records (total: 486000, more: True)
Page 487 (token: eyJhcGlfdmVyc2lvbiI6ICIxLjAiLC...)... Got 1000 records (total: 487000, more: True)
Page 488 (token: eyJhcGlfdmVyc2lvbiI6ICIxLjAiLC...)... Got 1000 records (total: 488000, more: True)
Page 489 (token: eyJhcGlfdmVyc2lvbiI6ICIxLjAiLC...)... Got 1000 records (total: 489000, more: True)
Page 490 (token: eyJhcGlfdmVyc2lvbiI6ICIxLjAiLC...)... Got 1000 records (total: 490000, more: True)
Page 491 (token: eyJhcGlfdmVyc2lvbiI6ICIxLjAiLC...)... Got 1000 records (total: 491000, more: True)
Page 492 (token: eyJhcGlfdmVyc2lvbiI6ICIxLjAiLC...)... Got 1000 records (total: 492000, more: True)
Page 493 (token: eyJhcGlfdmVyc2lvbiI6ICIxLjAiLC...)... Got 1000 records (total: 493000, more: True)
Page 494 (token: eyJhcGlfdmVyc2lvbiI6ICIxLjAiLC...)... Got 1000 records (total: 494000, more: True)
Page 495 (token: eyJhcGlfdmVyc2lvbiI6ICIxLjAiLC...)... Got 1000 records (total: 495000, more: True)
Page 496 (token: eyJhcGlfdmVyc2lvbiI6ICIxLjAiLC...)... Got 1000 records (total: 496000, more: True)
Page 497 (token: eyJhcGlfdmVyc2lvbiI6ICIxLjAiLC...)... Got 1000 records (total: 497000, more: True)
Page 498 (token: eyJhcGlfdmVyc2lvbiI6ICIxLjAiLC...)... Got 1000 records (total: 498000, more: True)
Page 499 (token: eyJhcGlfdmVyc2lvbiI6ICIxLjAiLC...)... Got 1000 records (total: 499000, more: True)
Page 500 (token: eyJhcGlfdmVyc2lvbiI6ICIxLjAiLC...)... Got 1000 records (total: 500000, more: True)
Page 501 (token: eyJhcGlfdmVyc2lvbiI6ICIxLjAiLC...)... Got 1000 records (total: 501000, more: True)
Page 502 (token: eyJhcGlfdmVyc2lvbiI6ICIxLjAiLC...)... Got 1000 records (total: 502000, more: True)
Page 503 (token: eyJhcGlfdmVyc2lvbiI6ICIxLjAiLC...)... Got 1000 records (total: 503000, more: True)
Page 504 (token: eyJhcGlfdmVyc2lvbiI6ICIxLjAiLC...)... Got 777 records (total: 503777, more: False)
Pagination complete.
------------------------------------------------------------
Total records fetched: 503777

============================================================
PROCESSING DATA
============================================================
Raw records: 503777
Columns: ['publication_time', 'topic_name', 'country', 'headline_count', 'sentiment_avg', 'sentiment_sum', 'sentiment_std']
Countries: 31
Topics: 26 - ['Economic Data', 'Economic Data-Consumer Spending', 'Economic Data-Employment', 'Economic Data-GDP', 'Economic Data-Housing', 'Economic Data-Inflation', 'Economic Data-Interest Rates', 'Economic Data-Manufacturing', 'Economic Data-Retail Sales', 'Extreme Weather', 'Extreme Weather-Cold', 'Extreme Weather-Drought', 'Extreme Weather-Heat', 'Fiscal Policy', 'Fiscal Policy-Stimulus Package', 'Monetary Policy', 'Monetary Policy-Interest Rates', 'Monetary Policy-Quantitative Easing', 'Natural Disaster', 'Oil Spills', 'Pandemic', 'Politics', 'Politics-Election', 'Politics-Political Tension', 'Terrorist Attacks', 'Wars']
Date range: 2025-11-01 to 2026-01-17 (78 dates)
Processed DataFrame: 2025 rows x 64 columns

============================================================
SAVED OUTPUT
============================================================
File: sentiment_data_domestic.csv
Rows: 2025
Columns: 64

CSV Structure:
  - Rows: date + topic combinations
  - Columns: country_sentiment and country_count for each country

First 6 columns: ['date', 'topic', 'Argentina_sentiment', 'Argentina_count', 'Australia_sentiment', 'Australia_count']
... and 58 more country columns

============================================================
DONE!
============================================================
